30
10
30
10
20